acalvo = Andreas Calvo <andreas@andreascalvo.com>
aescamilla = Antonio Escamilla <7999008+AntonioEscamilla@users.noreply.github.com>
afabra = Aleix Fabra Roca <aleixfabra@protonmail.com>
amora = Albert Mora <amora@clam-project.org>
ascorza = Angelo Scorza <alfscorza@gmail.com>
beesuan = Bee Suan Ong <beesuanong@gmail.com>
bkolasinski = Bennet Kolasinski <bennett.kolasinski@gmail.com>
dgarcia = David García Garzón <david.garcia@upf.edu>
dgriffioen = Dirk Griffioen <dirk@unified-streaming.com>
dsanchez = dsanchez <dsanchez@clam-project.org>
eaylon = Eduard Aylon <eduard.aylon@dolby.com>
egomez = Emilia Gómez <emilia.gomez@upf.edu>
fnucibella = Francesca Nucibella <fnucibella@clam-project.org>
forriols = Ferran Orriols <ferran.orriols@gmail.com>
gkellum = Greg Kellum <greg.kellum@gmail.com >
hordiales = Hernan Ordiales <h@ordia.com.ar>
imosquera = Ismael Mosquera <imosquera@clam-project.org>
jdurany = Jaume Durany <jdurany@gmail.com>
jfunollet = Jordi Funollet <funollet@fastmail.fm>
jmassaguer = Jordi Massaguer Pla <jmassaguerpla@suse.de>
jun = Jun Wang <junjunmin@gmail.com>
junjun = Jun Wang <junjunmin@gmail.com>
kazemzad = Abe Kazemzadeh <abe.kazemzadeh@gmail.com>
mblaauw = Merlijn Blaauw <mblaauw@gmail.com>
mdeboer = Maarten Deboer <maarten.deboer@dolby.com>
mramirez = Miguel Ramirez <miquel.ramirez@gmail.com>
nictuku = Francisco Tufró <nictuku@gmail.com>
nlipovetzky = Nir Lipovetzky <nirlipo@gmail.com>
no-author = no-author <no-author>
nolaiz = Natanael Olaiz <nolaiz@gmail.com>
parumi = Pau Arumí <pau.arumi@dolby.com>
pbrossier = Paul Brossier <piem@piem.org>
piem = Paul Brossier <piem@piem.org>
rgoj = Roman Goj <roman.goj@gmail.com>
sgilabert = Sandra Gilabert <sandra.gilabert@gmail.com>
sroig = Sam Roig <sroig@clam-project.org>
testfarm = TestFarm <testfarm@clam-project.org>
testuser = testuser <testuser@clam-project.org>
tmateos = Toni Mateos <toni.mateos@dolby.com>
tues = Paweł Bartkiewicz <tuuresairon@gmail.com>
uid1027 = uid1027 <uid1027>
uid1033 = uid1033 <uid1033>
uid1003 = uid1003 <uid1003>
uid4003 = uid4003 <uid4003>
uid4347 = uid4347 <uid4347>
uid4348 = Ismael Mosquera <imosquera@clam-project.org>
uid4428 = uid4428 <uid4428>
uid4438 = uid4438 <uid4438>
uid39306 = uid39306 <uid39306>
uid39696 = uid39696 <uid39696>
uid39874 = uid39874 <uid39874>
xamat = Xavier Amatriain <xavier.amatriain@gmail.com>
xoliver = Xavier Oliver <xoliver@gmail.com>
xrubio = Xavier Rubio Campillo <xavier.rubio@ed.ac.uk>
xserra = Xavier Serra Román <xavi.serra@dolby.com>
